<?xml version="1.0"?>
<testsuites>
  <testsuite name="Chrome 25.0" package="" timestamp="2012-11-01T08:25:42" id="0" hostname="Pascals-MacBook-Air.local" tests="2" errors="0" failures="0" time="0">
    <properties>
      <property name="browser.fullName" value="Mozilla/5.0 (Macintosh; Intel Mac OS X 10_8_2) AppleWebKit/537.17 (KHTML, like Gecko) Chrome/25.0.1313.0 Safari/537.17"/>
    </properties>
    <testcase name="should append a value" time="0" classname="Chrome 25.0.Array _push()"/>
    <testcase name="should return the length" time="0" classname="Chrome 25.0.Array _push()"/>
    <system-out/>
    <system-err/>
  </testsuite>
</testsuites>
